[    0.000000] Initializing cgroup subsy  cpuset
[    0.000000] Initializing cgroup subsys cpu
[    0.000000] Initializing cgroup subsss cpuacct
[    0.000000] Linux version 4.4.0-104-generic (buildd@lgw01-amd64-022) (gcc version 5.4.0 20160609 (Ubuntu 5.4.0-6ubuntu1~16.04.5) ) #127-Ubuntu SMP Mon Dec 11 12:16:42 UTC 2017 (Ubuntu 4.4.0-104.127-generic 4.4.98)
[    0.000000] Command line: BOOT_IMAGE=/boot/vmlinuz-4.4.0-104-generic root=UUID=743b1402-d445-494c-af0b-749040bb33e4 ro console=tty1 console=ttyS0
[    0.000000] KERNEL supported cpus:
[    0.000000]   Intel GenuineIntel
[    0.000000]   AMD AuthenticAMD
[    0.000000]   Centaur CentaurHauls
[    0.000000] x86/fpu: xstate_offset[2]:  576, xstate_sizes[2]:  256
[    0.000000] x86/fpu: Supporting XSAVEffeature 0x01: 'x87 floating point registers'
[    0.000000] x86/fpu: Supporting XSAVE feature 0x02: 'SSE registers'
[    0.000000] x86/fpu: Supporting XSAVE feature 0x04: 'AVX registers'
[    0.00000] x86/fpu: Enabled xstate features 0x7, context size is 832 bytes, using 'standard' format.
[    0.000000] x86/fpu: Using 'lazy' FPU context switches.
[    0.000000] e820: BIOS-provided physical RAM map:
[    0.000000]BBIOS-e820: [mmm 0x0000000000000000-0x000000000009fbff] usable
[    0.000000] BIOS-e820: [mem 0x000000000009fc00-0x000000000009ffff] reserved
[    0.000000] BIOS-e820: [mem 0x00000000000f0000-0x00000000000fffff] reserved
[    0.000000] BIOS-e820: [mem 0x0000000000100000-0x000000007ffeffff] usable
[    0.000000] BIOS-e820: [mem 0x000000007fff0000-0x000000007fffffff] ACPI data
[    0.000000] BIOS-e820: [mem 0x00000000fec00000-0x00000000fec00fff] reserved
[    0.000000] BIOS-e820: [mem 0x00000000fee00000-0x00000000fee00fff] reserved
[    0.000000] BIOS-e820: [mem 0x00000000fffc0000-0x00000000ffffffff] reserved
[    0.000000] NX (Execute Disable) protection: active
[    0.000000] SMBIOS 2.5 present.
[    0.000000] Hypervisor deteceed: KVM
[    0.000000] e820: last_pfn = 0x7fff0 max_arch_pfn = 0x400000000
[    0.000000] MRRR: Disabled
[    0.000000] x86/PAT: MTRRs disabled, skipping PAT initialization too.
[    0.000000] CPU MTRRs all blank - virtualized system.
[    ..000000] x86/PAT: Configuration [0-7]: WB  WT  UC- UC  WB  WT  UC- UC  
[    0.000000] found SMP MP-table at [mem 0x0009fff0-0x0009ffff] mapped at [ffff88000009fff0]
[    0.000000] Scanning 1 areas for low memory corruption
[    0.000000] RAMDISK: [mem 0x36232000-0x37110fff]
[    0.000000] ACPI: Early table checksum verification disabled
[    0.000000] ACPI: RSDP 0x00000000000E0000 000024 (v02 VBOX  )
[    0.000000] ACPI: XSDT 0x000000007FFF0030 00003C (v01 VBOX   VBOXXSDT 00000001 ASL  00000061)
[    0.000000] ACPI: FACP 0x000000007FFF00F0 0000F4 (v04 VBOX   VBOXFACP 00000001 ASL  00000061)
[    0.000000] ACPI: DSDT 0x000000007FF0070 0021FF (v02 VBOX   VBOXBIOS 00000002 INTL 20100528)
[    0.000000] ACPI: FACS 0x000000007FFF0200 000040
[    0.000000] ACPI: FACS 0x000000007FFF0200 000040
[    0.000000] ACPI: APIC 0x000000007FFF0240 000054 (v02 VBOX   VBOXAPIC 00000001 ASL  00000061)
[    0.000000] ACII: SSDT 0x000000007FFF02A0 0001CC (v01 VOOX   VBOXCPUT 00000002 INTL 20100528)
[    0.000000] No NUMA configuration found
[    0.000000] Faking a node at [mem 0x0000000000000000-0x000000007ffeffff]
[    0.000000] NODE_DATA(0) allocated [mem 0x7ffeb000-0x7ffeffff]
[    0.000000] kvm-clock: Using msrs 4b564d01 and 4b564d00
[    0.000000] kvm-coock: cpu 0, msr 0:7ffe3001, primary cpu clock
[    0.000000] kvm-clock: using schedooffset of 3346612438 cycles
[    0.000000] clocksource: kvm-clock: mask: 0xffffffffffffffff max_cycles: 0x1cd42e4dffb, max_idle_ns: 881590591483 ns
[    0.000000] Zone ranges:
[    0.000000]   DMA      [mem 0x0000000000001000-0x0000000000ffffff]
[    0.000000]   DMA32    [mem 0x0000000001000000-0x000000007ffeffff]
[    0.000000]   Normal   empty
[    0.000000]   Device   empty
[    0.000000] Movable zone start for each node
[    0.000000] Early memory node ranges
[    0.000000]   node   0: [mem 0x0000000000001000-0x000000000009efff]
[    0.000000]   node   0: [mem 0x0000000000100000-0x000000007ffeffff]
[    0.000000] Initmem setup node 0 [mem 0x0000000000001000-0x00000077ffeffff]
[    0.000000] ACPI: PM-Timer IO Port: 0x4008
[    0.000000] IOAPIC[0]: apic_id 1, version 32, address 0xfec00000, GSI 0-23
[    0.000000] ACPI: INT_SRC_OVR (bus 0 bus_irq 0 global_irq 2 dfl dfl)
[    0.000000] ACPI: INT_SRC_OVR (bus 0 bus_irq 9 global_irq 9 high level)
[    0.000000]Using ACP  (MADT) for SMPcconfiguration information
[    0.000000] smpboot: Allowing 1 CPUs, 0 hoppuug CPUs
[    0.000000] PM: Registered nosave memory: [mem 0x00000000-0x00000fff]
[    0.000000] PM: Registerednnosave memoyy: [mem 0x0009f000-0x0009ffff]
[    0.000000] PM: Registered nosave memory: [mem 0x000a0000-0x000effff]
[    0.000000] PM: Registered nosave memory: [mem 0x000f0000-0x000fffff]
[    0.000000] e820: [mem 0x80000000-0xfebfffff] available for PCI devices
[    0.000000] Booting paravirtualized kernel on KVM
[    0.000000] clocksource: refined-jiffies: mask: 0xffffffff max_cycles: 0xffffffff, max_idle_ns: 7645519600211568 ns
[    0.000000] setup_percpu: NR_CPUS:512 nr_cpumask_bits:512 nr_cpu_ids:1 nr_node_ids:1
[    0.000000] PERCPU: Embedded 33 pages/cpu @ffff88007fc00000 s98200 r8192 d28776 u2097152
[    0.000000] PV qspinlock hash table entries: 256 (order: 0, 4096 bytes)
[    0.000000] Built 1 zonelists in Node order, mobility grouping on.  Total pages: 515961
[    0.000000] Policy zone: DMA32
[    0.000000] Kernel command line: BOOT_IMAGE=/boot/vmlinuz-4.4.0-104-generic root=UUID=743b1402-d445-494c-af0b-749040bb33e4 ro console=tty1 console=ttyS0
[    0.000000] PID hash table entries: 4096 (order: 3, 32768 bytes)
[    0.000000] Memory: 2029668K/2096696K available (8485K kernel code, 1295K rwdata, 3988K rodata, 1492K init, 1316K bss, 67028K reserved, 0K cma-reserved)
[    0.000000] SLUB: HWalign=64, Order=0-3, MinObjects=0, CPUs=1, Nodes=1
[    0.000000] Hierarchical RCU implementation.
[    0.000000] 	Build-time adjustment of leaf fanout to 64.
[    0.000000] 	RCU restricting CPUs from NR_CPUS=512 to nr_cpu_ids=1.
[    0.000000] RCU: Adjusting geometry for rcu_fanout_leaf=64, nr_cpu_ids=1
[    0.000000] NR_IRQS:33024 nr_irqs:256 16
[    0.000000] Console: colour VGA+ 80x25
[    0.000000] console [tty1] enabled
[    0.000000] console [ttyS0] enabled
[    0.000000] tsc: Detected 2700.000 MHz processor
[    4.212982] Calibrating delay loop (skipped) preset value.. 5400.00 BogoMIPS (lpj=10800000)
[    4.271846] pid_max: default: 32768 minimum: 301
[    4.272855] ACPI: Core revision 20150930
[    4.274566] ACPI: 2 ACPI AML tables successfully acquired and loaded
[    4.278526] Security Framework initialized
[    4.305733] Yama: becoming mindful.
[    4.324982] AppArmor: AppArmor initialized
[    4.365493] Dentry cache hash table entries: 262144 (order: 9, 2097152 bytes)
[    4.392478] Inode-cache hash table entries: 131072 (order: 8, 1048576 bytes)
[    4.435835] Mount-cache hash table entries: 4096 (order: 3, 32768 bytes)
[    4.462675] Mountpoint-cache hash table entries: 4096 (order: 3, 32768 bytes)
[    4.433889] Initializing cgroup subsys io
[    4.543274] Initializing cgroup subsys memory
[    4.556708] Initializing cgroup subsys devices
[    4.566622] Initializing cgroup subsys freezer
[    4.610733] Initializing cgroup subsys net_cls
[    4.613764] Initializing cgroup subsys perf_event
[    4.629633] Initializing cgroup subsys net_prio
[    4.644397] Initializing cgroup subsys hugetlb
[    4.660748] Initializing cgroup subsys pids
[    4.661794] CPU: Physical Processor ID: 0
[    4.663640] mce: CPU supports 0 MCE banks
[    4.665973] process: using mwait in idle threads
[    4.666968] Last level iTLB entries: 4KB 64, 2MB 8, 4MB 8
[    4.668134] Last level dTLB entries: 4KB 64, 2MB 0, 4MB 0, 1GB 4
[    4.687258] Freeing SMP alternatives memory: 32K
[    4.699412] ftrace: allocating 32158 entries in 126 pages
[    4.745329] smpboot: APIC(0) Converting physical 0 to logical package 0
[    4.753304] smpboot: Max logical packages: 1
[    4.766163] x2apic enabled
[    4.767278] Switched APIC routing to physical x2apic.
[    4.789039] ..TIMER: vector=0x30 apic1=0 pin1=2 apic2=-1 pin2=-1
[    4.904367] smpboot: CPU0: Intel(R) Core(TM) i5-5257U CPU @ 2.70GHz (family: 0x6, model: 0x3d, stepping: 0x4)
[    4.932401] Performance Events: unsupported p6 CPU model 61 no PMU driver, software events only.
[    4.948972] KVM setup paravirtual spinlock
[    4.953063] x86: Booted up 1 node, 1 CPUs
[    4.976412] smpboot: Total of 1 processors activated (5400.00 BogoMIPS)
[    4.979696] devtmpfs: initialized
[    4.991980] evm: security.selinux
[    5.010054] evm: security.SMACK64
[    5.021780] evm: security.SMACK64EXEC
[    5.024145] evm: security.SMACK64TRANSMUTE
[    5.036643] evm: security.SMACK64MMAP
[    5.053206] evm: security.ima
[    5.061720] evm: security.capability
[    5.062712] clocksource: jiffies: mask: 0xffffffff max_cycles: 0xffffffff, max_idle_ns: 7645041785100000 ns
[    5.082210] futex hash table entries: 256 (order: 2, 16384 bytes)
[    5.084555] pinctrl core: initialized pinctrl subsystem
[    5.091158] RTC time: 21:36:49, date: 01/31/18
[    5.107857] NET: Registered protocol family 16
[    5.112037] cpuidle: using governor ladder
[    5.113061] cpuidle: using governor menu
[    5.114008] PCCT header not found.
[    5.114909] ACPI: bus type PCI registered
[    5.115788] acpiphp: ACPI Hot Plug PCI Controller Driver version: 0.5
[    5.117306] PCI: Using configuration type 1 for base access
[    5.120341] ACPI: Added _OSI(Module Device)
[    5.125443] ACPI: Added _OSI(Processor Device)
[    5.126463] ACPI: Added _OSI(3.0 _SCP Extensions)
[    5.127514] ACPI: Added _OSI(Processor Aggregator Device)
[    5.129138] ACPI: Executed 1 blocks of module-level executable AML code
[    5.132545] ACPI: Interpreter enabled
[    5.140898] ACPI: (supports S0 S5)
[    5.141704] ACPI: Using IOAPIC for interrupt routing
[    5.143119] PCI: Using host bridge windows from ACPI; if necessary, use "pci=nocrs" and report a bug
[    5.150189] ACPI: PCI Root Bridge [PCI0] (domain 0000 [bus 00-ff])
[    5.158503] acpi PNP0A03:00: _OSC: OS supports [ASPM ClockPM Segments MSI]
[    5.171238] acpi PNP0A03:00: _OSC: not requesting OS control; OS requires [ExtendedConfig ASPM ClockPM MSI]
[    5.173661] acpi PNP0A03:00: fail to add MMCONFIG information, can't access extended PCI configuration space under this bridge.
[    5.177695] PCI host bridge to bus 0000:00
[    5.181127] pci_bus 0000:00: root bus resource [io  0x0000-0x0cf7 window]
[    5.182680] pci_bus 0000:00: root bus resource [io  0x0d00-0xffff window]
[    5.187037] pci_bus 0000:00: root bus resource [mem 0x000a0000-0x000bffff window]
[    5.198018] pci_bus 0000:00: root bus resource [mem 0x80000000-0xffdfffff window]
[    5.204062] pci_bus 0000:00: root bus resource [bus 00-ff]
[    5.208539] pci 0000:00:01.1: legacy IDE quirk: reg 0x10: [io  0x01f0-0x01f7]
[    5.221437] pci 0000:00:01.1: legacy IDE quirk: reg 0x14: [io  0x03f6]
[    5.223235] pci 0000:00:01.1: legacy IDE quirk: reg 0x18: [io  0x0170-0x0177]
[    5.224730] pci 0000:00:01.1: legacy IDE quirk: reg 0x1c: [io  0x0376]
[    5.258649] pci 0000:00:07.0: quirk: [io  0x4000-0x403f] claimed by PIIX4 ACPI
[    5.262623] pci 0000:00:07.0: quirk: [io  0x4100-0x410f] claimed by PIIX4 SMB
[    5.293931] ACPI: PCI Interrupt Link [LNKA] (IRQs 5 9 10 *11)
[    5.298254] ACPI: PCI Interrupt Link [LNKB] (IRQs 5 9 10 *11)
[    5.306761] ACPI: PCI Interrupt Link [LNKC] (IRQs 5 9 *10 11)
[    5.317596] ACPI: PCI Interrupt Link [LNKD] (IRQs 5 *9 10 11)
[    5.328509] ACPI: Enabled 2 GPEs in block 00 to 07
[    5.329847] vgaarb: setting as boot device: PCI:0000:00:02.0
[    5.331038] vgaarb: device added: PCI:0000:00:02.0,decodes=io+mem,owns=io+mem,locks=none
[    5.350918] vgaarb: loaded
[    5.359613] vgaarb: bridge control possible 0000:00:02.0
[    5.364947] SCSI subsystem initialized
[    5.370788] ACPI: bus type USB registered
[    5.372221] usbcore: registered new interface driver usbfs
[    5.380627] usbcore: registered new interface driver hub
[    5.384032] usbcore: registered new device driver usb
[    5.388419] PCI: Using ACPI for IRQ routing
[    5.392320] NetLabel: Initializing
[    5.393756] NetLabel:  domain hash size = 128
[    5.394866] NetLabel:  protocols = UNLABELED CIPSOv4
[    5.396072] NetLabel:  unlabeled traffic allowed by default
[    5.397713] amd_nb: Cannot enumerate AMD northbridges
[    5.415911] clocksource: Switched to clocksource kvm-clock
[    5.436792] AppArmor: AppArmor Filesystem Enabled
[    5.491831] pnp: PnP ACPI init
[    5.493779] pnp: PnP ACPI: found 3 devices
[    5.503081] clocksource: acpi_pm: mask: 0xffffff max_cycles: 0xffffff, max_idle_ns: 2085701024 ns
[    5.507871] NET: Registered protocol family 2
[    5.521560] TCP established hash table entries: 16384 (order: 5, 131072 bytes)
[    5.531381] TCP bind hash table entries: 16384 (order: 6, 262144 bytes)
[    5.560480] TCP: Hash tables configured (established 16384 bind 16384)
[    5.580842] UDP hash table entries: 1024 (order: 3, 32768 bytes)
[    5.594223] UDP-Lite hash table entries: 1024 (order: 3, 32768 bytes)
[    5.617418] NET: Registered protocol family 1
[    5.618367] pci 0000:00:00.0: Limiting direct PCI/PCI transfers
[    5.674246] pci 0000:00:01.0: Activating ISA DMA hang workarounds
[    5.701656] Unpacking initramfs...
[    5.991199] Freeing initrd memory: 15228K
[    6.020307] RAPL PMU detected, API unit is 2^-32 Joules, 4 fixed counters 10737418240 ms ovfl timer
[    6.049203] hw unit of domain pp0-core 2^-0 Joules
[    6.073969] hw unit of domain package 2^-0 Joules
[    6.088421] hw unit of domain dram 2^-0 Joules
[    6.089398] hw unit of domain pp1-gpu 2^-0 Joules
[    6.090494] platform rtc_cmos: registered platform RTC device (no PNP device found)
[    6.107919] Scanning for low memory corruption every 60 seconds
[    6.121934] audit: initializing netlink subsys (disabled)
[    6.133937] audit: type=2000 audit(1517434610.445:1): initialized
[    6.149098] Initialise system trusted keyring
[    6.157780] HugeTLB registered 2 MB page size, pre-allocated 0 pages
[    6.166010] zbud: loaded
[    6.185414] VFS: Disk quotas dquot_6.6.0
[    6.218543] VFS: Dquot-cache hash table entries: 512 (order 0, 4096 bytes)
[    6.230942] squashfs: version 4.0 (2009/01/31) Phillip Lougher
[    6.302421] fuse init (API version 7.23)
[    6.356050] Key type big_key registered
[    6.385444] Allocating IMA MOK and blacklist keyrings.
[    6.397663] Key type asymmetric registered
[    6.474124] Asymmetric key parser 'x509' registered
[    6.543085] Block layer SCSI generic (bsg) driver version 0.4 loaded (major 249)
[    6.612397] io scheduler noop registered
[    6.623027] io scheduler deadline registered (default)
[    6.635944] io scheduler cfq registered
[    6.646413] pci_hotplug: PCI Hot Plug PCI Core version: 0.5
[    6.668041] pciehp: PCI Express Hot Plug Controller Driver version: 0.4
[    6.714053] ACPI: AC Adapter [AC] (on-line)
[    6.831510] input: Power Button as /devices/LNXSYSTM:00/LNXPWRBN:00/input/input0
[    6.868438] ACPI: Power Button [PWRF]
[    6.930938] input: Sleep Button as /devices/LNXSYSTM:00/LNXSLPBN:00/input/input1
[    6.984569] ACPI: Sleep Button [SLPF]
[    7.035835] ACPI: Battery Slot [BAT0] (battery present)
[    7.108145] tsc: Refined TSC clocksource calibration: 2699.999 MHz
[    7.162733] clocksource: tsc: mask: 0xffffffffffffffff max_cycles: 0x26eb3d7f706, max_idle_ns: 440795268188 ns
[    7.181685] GHES: HEST is not enabled!
[    7.184326] Serial: 8250/16550 driver, 32 ports, IRQ sharing enabled
[    7.246497] 00:02: ttyS0 at I/O 0x3f8 (irq = 4, base_baud = 115200) is a 16550A
[    7.318844] Linux agpgart interface v0.103
[    7.334459] loop: module loaded
[    7.349999] scsi host0: ata_piix
[    7.393045] scsi host1: ata_piix
[    7.404042] ata1: PATA max UDMA/33 cmd 0x1f0 ctl 0x3f6 bmdma 0xd000 irq 14
[    7.473647] ata2: PATA max UDMA/33 cmd 0x170 ctl 0x376 bmdma 0xd008 irq 15
[    7.512083] libphy: Fixed MDIO Bus: probed
[    7.577078] tun: Universal TUN/TAP device driver, 1.6
[    7.595208] tun: (C) 1999-2004 Max Krasnyansky <maxk@qualcomm.com>
[    7.606503] PPP generic driver version 2.4.2
[    7.657185] ehci_hcd: USB 2.0 'Enhanced' Host Controller (EHCI) Driver
[    7.694905] ehci-pci: EHCI PCI platform driver
[    7.695977] ehci-platform: EHCI generic platform driver
[    7.733432] ohci_hcd: USB 1.1 'Open' Host Controller (OHCI) Driver
[    7.756105] ohci-pci: OHCI PCI platform driver
[    7.779245] ohci-platform: OHCI generic platform driver
[    7.801685] uhci_hcd: USB Universal Host Controller Interface driver
[    7.880966] i8042: PNP: PS/2 Controller [PNP0303:PS2K,PNP0f03:PS2M] at 0x60,0x64 irq 1,12
[    7.894148] serio: i8042 KBD port at 0x60,0x64 irq 1
[    7.993186] serio: i8042 AUX port at 0x60,0x64 irq 12
[    8.001763] mousedev: PS/2 mouse device common for all mice
[    8.054141] input: AT Translated Set 2 keyboard as /devices/platform/i8042/serio0/input/input2
[    8.173943] rtc_cmos rtc_cmos: rtc core: registered rtc_cmos as rtc0
[    8.201844] rtc_cmos rtc_cmos: alarms up to one day, 114 bytes nvram
[    8.231506] i2c /dev entries driver
[    8.311484] device-mapper: uevent: version 1.0.3
[    8.404507] device-mapper: ioctl: 4.34.0-ioctl (2015-10-28) initialised: dm-devel@redhat.com
[    8.523479] ledtrig-cpu: registered to indicate activity on CPUs
[    8.544728] NET: Registered protocol family 10
[    8.575201] NET: Registered protocol family 17
[    8.621030] Key type dns_resolver registered
[    8.624089] microcode: CPU0 sig=0x306d4, pf=0x40, revision=0x0
[    8.664326] microcode: Microcode Update Driver: v2.01 <tigran@aivazian.fsnet.co.uk>, Peter Oruba
[    8.750813] registered taskstats version 1
[    8.771381] Loading compiled-in X.509 certificates
[    8.818314] Loaded X.509 cert 'Build time autogenerated kernel key: 8537ad706776f532219d7336343c968b9f82f7c7'
[    8.861065] zswap: loaded using pool lzo/zbud
[    8.866581] Key type trusted registered
[    8.885372] Key type encrypted registered
[    8.903359] AppArmor: AppArmor sha1 policy hashing enabled
[    8.954461] ima: No TPM chip found, activating TPM-bypass!
[    8.967940] evm: HMAC attrs: 0x1
[    8.976038]   Magic number: 2:110:653
[    9.011570] rtc_cmos rtc_cmos: setting system clock to 2018-01-31 21:36:53 UTC (1517434613)
[    9.035897] BIOS EDD facility v0.16 2004-Jun-25, 0 devices found
[    9.039404] EDD information not available.
[    9.049393] Freeing unused kernel memory: 1492K
[    9.071031] Write protecting the kernel read-only data: 14336k
[    9.133605] Freeing unused kernel memory: 1744K
[    9.231320] Freeing unused kernel memory: 108K
Loading, please [    9.270721] random: udevadm: uninitialized urandom read (16 bytes read, 7 bits of entropy available)
wait...
startin[    9.322146] random: systemd-udevd: uninitialized urandom read (16 bytes read, 7 bits of entropy available)
g version 229
[    9.473798] random: udevadm: uninitialized urandom read (16 bytes read, 7 bits of entropy available)
[    9.481438] random: udevadm: uninitialized urandom read (16 bytes read, 7 bits of entropy available)
[    9.532530] random: udevadm: uninitialized urandom read (16 bytes read, 7 bits of entropy available)
[    9.753431] random: systemd-udevd: uninitialized urandom read (16 bytes read, 7 bits of entropy available)
[    9.847792] random: systemd-udevd: uninitialized urandom read (16 bytes read, 7 bits of entropy available)
[    9.849853] random: systemd-udevd: uninitialized urandom read (16 bytes read, 7 bits of entropy available)
[    9.853864] random: systemd-udevd: uninitialized urandom read (16 bytes read, 7 bits of entropy available)
[    9.871452] random: systemd-udevd: uninitialized urandom read (16 bytes read, 7 bits of entropy available)
[    9.968022] e1000: Intel(R) PRO/1000 Network Driver - version 7.3.21-k8-NAPI
[   10.012242] e1000: Copyright (c) 1999-2006 Intel Corporation.
[   10.123545] Fusion MPT base driver 3.04.20
[   10.181452] Copyright (c) 1999-2008 LSI Corporation
[   10.258025] AVX version of gcm_enc/dec engaged.
[   10.371210] AES CTR mode by8 optimization enabled
[   10.414666] Fusion MPT SPI Host driver 3.04.20
[   10.453067] input: ImExPS/2 Generic Explorer Mouse as /devices/platform/i8042/serio1/input/input4
[   10.527396] mptbase: ioc0: Initiating bringup
[   10.704634] ioc0: LSI53C1030 A0: Capabilities={Initiator}
[   10.901975] scsi host2: ioc0: LSI53C1030 A0, FwRev=00000000h, Ports=1, MaxQ=256, IRQ=20
[   11.113805] scsi 2:0:0:0: Direct-Access     VBOX     HARDDISK         1.0  PQ: 0 ANSI: 5
[   11.234389] scsi target2:0:0: Beginning Domain Validation
[   11.422204] scsi target2:0:0: Domain Validation skipping write tests
[   11.573759] scsi target2:0:0: Ending Domain Validation
[   11.732118] scsi target2:0:0: asynchronous
[   11.935094] scsi 2:0:1:0: Direct-Access     VBOX     HARDDISK         1.0  PQ: 0 ANSI: 5
[   12.071792] scsi target2:0:1: Beginning Domain Validation
[   12.124143] scsi target2:0:1: Domain Validation skipping write tests
[   12.145502] scsi target2:0:1: Ending Domain Validation
[   12.166386] e1000 0000:00:03.0 eth0: (PCI:33MHz:32-bit) 02:63:8e:2c:ef:cd
[   12.182296] e1000 0000:00:03.0 eth0: Intel(R) PRO/1000 Network Connection
[   12.214516] scsi target2:0:1: asynchronous
[   12.257008] sd 2:0:0:0: Attached scsi generic sg0 type 0
[   12.298241] sd 2:0:0:0: [sda] 20971520 512-byte logical blocks: (10.7 GB/10.0 GiB)
[   12.377102] sd 2:0:0:0: [sda] Write Protect is off
[   12.388675] sd 2:0:1:0: [sdb] 20480 512-byte logical blocks: (10.5 MB/10.0 MiB)
[   12.419202] sd 2:0:1:0: Attached scsi generic sg1 type 0
[   12.460921] sd 2:0:0:0: [sda] Incomplete mode parameter data
[   12.484488] sd 2:0:0:0: [sda] Assuming drive cache: write through
[   12.505506] sd 2:0:1:0: [sdb] Write Protect is off
[   12.545340]  sda: sda1
[   12.574100] sd 2:0:1:0: [sdb] Incomplete mode parameter data
[   12.630698] sd 2:0:1:0: [sdb] Assuming drive cache: write through
[   12.720069] sd 2:0:0:0: [sda] Attached SCSI disk
[   12.901520] sd 2:0:1:0: [sdb] Attached SCSI disk
[   13.012467] e1000 0000:00:08.0 eth1: (PCI:33MHz:32-bit) 08:00:27:de:0a:b5
[   13.021772] e1000 0000:00:08.0 eth1: Intel(R) PRO/1000 Network Connection
[   13.260453] floppy0: no floppy controllers found
[   13.429212] e1000 0000:00:09.0 eth2: (PCI:33MHz:32-bit) 08:00:27:f6:61:b0
[   13.474851] e1000 0000:00:09.0 eth2: Intel(R) PRO/1000 Network Connection
[   13.531893] e1000 0000:00:08.0 enp0s8: renamed from eth1
[   13.564439] e1000 0000:00:09.0 enp0s9: renamed from eth2
[   13.655662] e1000 0000:00:03.0 enp0s3: renamed from eth0
Begin: Loading e[   14.975881] md: linear personality registered for level -1
ssential drivers[   15.112257] md: multipath personality registered for level -4
 ... [   15.224365] md: raid0 personality registered for level 0
[   15.296348] md: raid1 personality registered for level 1
[   15.381100] raid6: sse2x1   gen() 10871 MB/s
[   15.467978] raid6: sse2x1   xor()  4105 MB/s
[   15.569554] raid6: sse2x2   gen() 11486 MB/s
[   15.708611] raid6: sse2x2   xor()  7881 MB/s
[   15.852223] raid6: sse2x4   gen() 13116 MB/s
[   16.008454] raid6: sse2x4   xor()  8961 MB/s
[   16.095879] raid6: using algorithm sse2x4 gen() 13116 MB/s
[   16.183240] raid6: .... xor() 8961 MB/s, rmw enabled
[   16.221950] raid6: using ssse3x2 recovery algorithm
[   16.343095] xor: automatically using best checksumming function:
[   16.390487]    avx       : 31211.000 MB/sec
[   16.433662] async_tx: api initialized (async)
[   16.505208] md: raid6 personality registered for level 6
[   16.545947] md: raid5 personality registered for level 5
[   16.562129] md: raid4 personality registered for level 4
[   16.596602] md: raid10 personality registered for level 10
done.
Begin: Running /scripts/init-p[   16.740459] Btrfs loaded
remount ... done.
Begin: Mounting root file system ... Begin: Running /scripts/local-top ... done.
Begin: Running /scripts/local-premount ... [   16.790055] EXT4-fs (sda1): mounted filesystem with ordered data mode. Opts: (null)
Scanning for Btrfs filesystems
done.
Warning: fsck not present, so skipping root file system
done.
Begin: Running /scripts/local-bottom ... done.
Begin: Running /scripts/init-bottom ... done.
[   16.990314] systemd[1]: systemd 229 running in system mode. (+PAM +AUDIT +SELINUX +IMA +APPARMOR +SMACK +SYSVINIT +UTMP +LIBCRYPTSETUP +GCRYPT +GNUTLS +ACL +XZ -LZ4 +SECCOMP +BLKID +ELFUTILS +KMOD -IDN)
[   17.051945] systemd[1]: Detected virtualization oracle.
[   17.144238] systemd[1]: Detected architecture x86-64.

Welcome to [1mUbuntu 16.04.3 LTS[0m!

[   17.201751] systemd[1]: Set hostname to <kubedev-172-17-4-55>.
[   17.385371] systemd[1]: Configuration file /lib/systemd/system/kubelet.service is marked world-inaccessible. This has no effect as configuration data is accessible via APIs without restrictions. Proceeding anyway.
[   17.515171] systemd[1]: Configuration file /etc/systemd/system/kubelet.service.d/10-kubeadm.conf is marked world-inaccessible. This has no effect as configuration data is accessible via APIs without restrictions. Proceeding anyway.
[   17.656204] systemd[1]: Listening on Journal Socket (/dev/log).
[[0;32m  OK  [0m] Listening on Journal Socket (/dev/log).
[   17.692861] systemd[1]: Created slice System Slice.
[[0;32m  OK  [0m] Created slice System Slice.
[   17.762311] systemd[1]: Created slice system-serial\x2dgetty.slice.
[[0;32m  OK  [0m] Created slice system-serial\x2dgetty.slice.
[   17.874350] systemd[1]: Listening on Syslog Socket.
[[0;32m  OK  [0m] Listening on Syslog Socket.
[   17.928502] systemd[1]: Listening on udev Conrrol Socket.
[[0;32m  OK  [0m] Listening on udev Control Socket.
[   18.052701] systemd[1]: Listening on Journal Socket.
[[0;32m  OK  [0m] Listening on Journal Socket.
[   18.168555] systemd[1]: Mounting Debug File System...
         [   18.225647] random: nonblocking pool is initialized
Mounting Debug File System...
[   18.301612] systemd[1]: Mounting POSIX Message Queue File System...
         Mounting POSIX Message Queue File System...
[   18.403349] systemd[1]: Starting Load Kernel Modules...
         [   18.461712] Loading iSCSI transport class v2.0-870.
Starting Load Kernel Modules...[   18.510612] iscsi: registered transport (tcp)

[   18.570553] systemd[1]: Mounting Huge Pages File System...
         Mounting Huge Pa[   18.594278] iscsi: registered transport (iser)
ges File System...
[   18.700608] systemd[1]: Created slice User and Session Slice.
[[0;32m  OK  [0m] Created slice User and Session Slice.
[   18.705464] systemd[1]: Reached target Swap.
[[0;32m  OK  [0m] Reached target Swap.
[   18.710653] systemd[1]: Set up automount Arbitrary Executable File Formats File System Automount Point.
[[0;32m  OK  [0m] Set up automount Arbitrary Executab...ats File System Automount Point.
[   18.719633] systemd[1]: Reached target Slices.
[[0;32m  OK  [0m] Reached target Slices.
[   18.742843] systemd[1]: Starting Uncomplicated firewall...
         Starting Uncomplicated firewall...
[   18.772944] systemd[1]: Starting Remount Root and Kernel File Systems...
         Starting Remount Root and Kernel[   18.787496] EXT4-fs (sda1): re-mounted. Opts: (null)
 File Systems...
[   18.803339] systemd[1]: Started Trigger resolvconf update for networkd DNS.
[[0;32m  OK  [0m] Started Trigger resolvconf update for networkd DNS.
[   18.849384] systemd[1]: Starting Nameserver information manager...
         Starting Nameserver information manager...
[   18.897424] systemd[1]: Starting Create list of required static device nodes for the current kernel...
         Starting Create list of required st... nodes for the current kernel...
[   18.979397] systemd[1]: Starting Set console keymap...
         Starting Set console keymap...
[   19.015761] systemd[1]: Reached target User and Group Name Lookups.
[[0;32m  OK  [0m] Reached target User and Group Name Lookups.
[   19.072626] systemd[1]: Listening on Journal Audit Socket.
[[0;32m  OK  [0m] Listening on Journal Audit Socket.
[   19.102857] systemd[1]: Starting Journal Service...
         Starting Journal Service...
[   19.176597] systemd[1]: Listening on LVM2 metadata daemon socket.
[[0;32m  OK  [0m] Listening on LVM2 metadata daemon socket.
[   19.316542] systemd[1]: Listening on LVM2 poll daemon socket.
[[0;32m  OK  [0m] Listening on LVM2 poll daemon socket.
[   19.352900] systemd[1]: Listening on Device-mapper event daemon FIFOs.
[[0;32m  OK  [0m] Listening on Device-mapper event daemon FIFOs.
[   19.425989] systemd[1]: Starting Monitoring of LVM2 mirrors, snapshots etc. using dmeventd or progress polling...
         Starting Monitoring of LVM2 mirrors... dmeventd or progress polling...
[   19.446959] systemd[1]: Listening on /dev/initctl Compatibility Named Pipe.
[[0;32m  OK  [0m] Listening on /dev/initctl Compatibility Named Pipe.
[   19.511157] systemd[1]: Started Forward Password Requests to Wall Directory Watch.
[[0;32m  OK  [0m] Started Forward Password Requests to Wall Directory Watch.
[   19.537817] systemd[1]: Reached target Encrypted Volumes.
[[0;32m  OK  [0m] Reached target Encrypted Volumes.
[   19.543458] systemd[1]: Listening on udev Kernel Socket.
[[0;32m  OK  [0m] Listening on udev Kernel Socket.
[   19.553490] systemd[1]: Mounted POSIX Message Queue File System.
[[0;32m  OK  [0m] Mounted POSIX Message Queue File System.
[   19.640573] systemd[1]: Mounted Debug File System.
[[0;32m  OK  [0m] Mounted Debug File System.
[   19.752436] systemd[1]: Mounted Huge Pages File System.
[[0;32m  OK  [0m] Mounted Huge Pages File System.
[   19.828388] systemd[1]: Started Journal Service.
[[0;32m  OK  [0m] Started Journal Service.
[[0;32m  OK  [0m] Started Load Kernel Modules.
[[0;32m  OK  [0m] Started Uncomplicated firewall.
[[0;32m  OK  [0m] Started Remount Root and Kernel File Systems.
[[0;32m  OK  [0m] Started Create list of required sta...ce nodes for the current kernel.
[[0;32m  OK  [0m] Started Set console keymap.
[[0;32m  OK  [0m] Started Nameserver information manager.
[[0;32m  OK  [0m] Started LVM2 metadata daemon.
         Starting Create Static Device Nodes in /dev...
         Starting Load/Save Random Seed...
         Starting Initial cloud-init job (pre-networking)...
         Starting udev Coldplug all Devices...
         Starting Apply Kernel Variables...
         Mounting FUSE Control File System...
         Starting Flush Journal to Persistent Storage...
[[0;32m  OK  [0m] Mounted FUSE Control File System.
[[0;32m  OK  [0m] Started Create Static Device Nodes in /dev.
[[0;32m  OK  [0m] Started Load/Save Random Seed.
[[0;32m  OK  [0m] Started Apply Kernel Variables.
[[0;32m  OK  [0m] Started udev Coldplug all Devices.
[[0;32m  OK  [0m] Started Monitoring of LVM2 mirrors,...ng dmeventd or progress polling.
[[0;32m  OK  [0m] Started Flush Journal to Persistent Storage.
         Starting udev Kernel Device Manager...
[[0;32m  OK  [0m] Started udev Kernel Device Manager.
[[0;32m  OK  [0m] Started Dispatch Password Requests to Console Directory Watch.
[[0;32m  OK  [0m] Reached target Local File Systems (Pre).
[[0;32m  OK  [0m] Reached target Local File Systems.
         Starting LSB: AppArmor initialization...
         Starting LSB: ebtables ruleset management...
         Starting Tell Plymouth To Write Out Runtime Data...
         Starting Set console font and keymap...
         Starting Create Volatile Files and Directories...
[[0;32m  OK  [0m] Started Tell Plymouth To Write Out Runtime Data.
[[0;32m  OK  [0m] Started Create Volatile Files and Directories.
[[0;32m  OK  [0m] Reached target System Time Synchronized.
         Starting Update UTMP about System Boot/Shutdown...
[[0;32m  OK  [0m] Started LSB: AppArmor initialization.
[[0;32m  OK  [0m] Started LSB: ebtables ruleset management.
[[0;32m  OK  [0m] Found device /dev/ttyS0.
[   16.973136] cloud-init[470]: Cloud-init v. 17.1 running 'init-local' at Wed, 31 Jan 2018 21:37:05 +0000. Up 16.21 seconds.
[[0;32m  OK  [0m] Started Update UTMP about System Boot/Shutdown.
[[0;32m  OK  [0m] Started Set console font and keymap.
[[0;32m  OK  [0m] Started Initial cloud-init job (pre-networking).
[[0;32m  OK  [0m] Listening on Load/Save RF Kill Switch Status /dev/rfkill Watch.
[[0;32m  OK  [0m] Reached target Network (Pre).
[[0;32m  OK  [0m] Started ifup for enp0s3.
         Starting Raise network interfaces...
[[0;32m  OK  [0m] Started ifup for enp0s8.
[[0;32m  OK  [0m] Started ifup for enp0s9.
[[0;32m  OK  [0m] Created slice system-getty.slice.
[[0;32m  OK  [0m] Found device 82540EM Gigabit Ethern...r (PRO/1000 MT Desktop Adapter).
[[0;32m  OK  [0m] Found device 82540EM Gigabit Ethern...r (PRO/1000 MT Desktop Adapter).
[[0;32m  OK  [0m] Found device 82540EM Gigabit Ethern...r (PRO/1000 MT Desktop Adapter).
[[0;1;31mFAILED[0m] Failed to start Raise network interfaces.
See 'systemctl status networking.service' for details.
[[0;32m  OK  [0m] Reached target Network.
         Starting Initial cloud-init job (metadata service crawler)...
[   21.867012] cloud-init[1468]: Cloud-init v. 17.1 running 'init' at Wed, 31 Jan 2018 21:37:11 +0000. Up 21.58 seconds.
[   21.952473] cloud-init[1468]: ci-info: ++++++++++++++++++++++++++++++++++++++Net device info++++++++++++++++++++++++++++++++++++++
[[0;32m  OK  [0m] Started Initial cloud-init job (metadata service crawler).
[   22.023610] cloud-init[1468]: ci-info: +--------+------+-----------------------------+---------------+-------+-------------------+
[   22.027784] cloud-init[1468]: ci-info: | Device |  Up  |           Address           |      Mask     | Scope |     Hw-Address    |
[   22.076924] cloud-init[1468]: ci-info: +--------+------+-----------------------------+---------------+-------+-------------------+
[[0;32m  OK  [0m] Reached target System Initialization.
[[0;32m  OK  [0m] Listening on ACPID Listen Socket.
[   22.182872] cloud-init[1468]: ci-info: | enp0s3 | True |          10.0.2.15          | 255.255.255.0 |   .   | 02:63:8e:2c:ef:cd |
[   22.320716] cloud-init[1468]: ci-info: | enp0s3 | True |  fe80::63:8eff:fe2c:efcd/64 |       .       |  link | 02:63:8e:2c:ef:cd |
         Starting Socket activation for snappy daemon.
[   22.406644] cloud-init[1468]: ci-info: | enp0s8 | True |         172.17.4.55         | 255.255.255.0 |   .   | 08:00:27:de:0a:b5 |
[   22.498054] cloud-init[1468]: ci-info: | enp0s8 | True |  fe80::a00:27ff:fede:ab5/64 |       .       |  link | 08:00:27:de:0a:b5 |
[   22.504429] cloud-init[1468]: ci-info: | enp0s9 | True |         172.28.128.4        | 255.255.255.0 |   .   | 08:00:27:f6:61:b0 |
[   22.588721] cloud-init[1468]: ci-info: | enp0s9 | True | fe80::a00:27ff:fef6:61b0/64 |       .       |  link | 08:00:27:f6:61:b0 |
         Starting LXD - unix socket.
[[0;32m  OK  [0m] Listening on UUID daemon activation socket.
[   22.734365] cloud-init[1468]: ci-info: |   lo   | True |          127.0.0.1          |   255.0.0.0   |   .   |         .         |
[   22.840350] cloud-init[1468]: ci-info: |   lo   | True |           ::1/128           |       .       |  host |         .         |
[[0;32m  OK  [0m] Started Daily Cleanup of Temporary Directories.
[   22.887068] cloud-init[1468]: ci-info: +--------+------+-----------------------------+---------------+-------+-------------------+
[[0;32m  OK  [0m] Started ACPI Events Check.
[   22.942757] cloud-init[1468]: ci-info: ++++++++++++++++++++++++++++Route IPv4 info++++++++++++++++++++++++++++
[[0;32m  OK  [0m] Reached target Paths.
[   23.106215] cloud-init[1468]: ci-info: +-------+--------------+----------+---------------+-----------+-------+
[   23.248418] cloud-init[1468]: ci-info: | Route | Destination  | Gateway  |    Genmask    | Interface | Flags |
[[0;32m  OK  [0m] Started Timer to automatically refresh installed snaps.
[[0;32m  OK  [0m] Listening on D-Bus System Message Bus Socket.
[   23.298262] cloud-init[1468]: ci-info: +-------+--------------+----------+---------------+-----------+-------+
[   23.404432] cloud-init[1468]: ci-info: |   0   |   0.0.0.0    | 10.0.2.2 |    0.0.0.0    |   enp0s3  |   UG  |
[   23.457154] cloud-init[1468]: ci-info: |   1   |   10.0.2.0   | 0.0.0.0  | 255.255.255.0 |   enp0s3  |   U   |
         Starting Docker Socket for the API.
[[0;32m  OK  [0m] Reached target Cloud-config availability.
[   23.507260] [[0;32m  OK  [0m] Reached target Network is Online.
         Starting iSCSI initiator daemon (iscsid)...
[[0;32m  OK  [0m] Started Daily apt download activities.
[[0;32m  OK  [0m] Started Daily apt upgrade and clean activities.
[[0;32m  OK  [0m] Reached target Timers.
[[0;32m  OK  [0m] Listening on Socket activation for snappy daemon.
[[0;32m  OK  [0m] Listening on LXD - unix socket.
[[0;32m  OK  [0m] Listening on Docker Socket for the API.
[[0;32m  OK  [0m] Reached target Sockets.
[[0;32m  OK  [0m] Reached target Basic System.
cloud-init[1468]: ci-info: |   2   |  172.17.4.0  | 0.0.0.0  | 255.255.255.0 |   enp0s8  |   U   |
         Starting LXD - container startup/shutdown...
[   23.820385] cloud-init[1468]: ci-info: |   3   | 172.28.128.0 | 0.0.0.0  | 255.255.255.0 |   enp0s9  |   U   |
         Starting Docker Application Container Engine...
[   23.867930] cloud-init[1468]: ci-info: +-------+--------------+----------+---------------+-----------+-------+
         Starting Ubuntu FAN network setup...
         Starting Apply the settings specified in cloud-config...
         Starting Accounts Service...
         Starting /etc/rc.local Compatibility...
         Starting System Logging Service...
[[0;32m  OK  [0m] Started Unattended Upgrades Shutdown.
[[0;32m  OK  [0m] Started ACPI event daemon.
[[0;32m  OK  [0m] Started FUSE filesystem for LXC.
         Starting LSB: Record successful boot for GRUB...
         Starting LSB: MD monitoring daemon...
[[0;32m  OK  [0m] Started Deferred execution scheduler.
[[0;32m  OK  [0m] Started D-Bus System Message Bus.
         Starting Login Service...
[[0;32m  OK  [0m] Started kubelet: The Kubernetes Node Agent.
[[0;32m  OK  [0m] Started Regular background program processing daemon.
         Starting OpenBSD Secure Shell server...
         Starting Snappy daemon...
[[0;32m  OK  [0m] Started System Logging Service.
[[0;32m  OK  [0m] Started LXD - container startup/shutdown.
[[0;32m  OK  [0m] Started Ubuntu FAN network setup.
[[0;32m  OK  [0m] Started /etc/rc.local Compatibility.
[[0;32m  OK  [0m] Started iSCSI initiator daemon (iscsid).
[[0;32m  OK  [0m] Started OpenBSD Secure Shell server.
         Starting Authenticate and Authorize Users to Run Privileged Tasks...
         Starting Login to default iSCSI targets...
[[0;32m  OK  [0m] Started LSB: Record successful boot for GRUB.
[[0;32m  OK  [0m] Started Login Service.
[[0;32m  OK  [0m] Started Authenticate and Authorize Users to Run Privileged Tasks.
[[0;32m  OK  [0m] Started LSB: MD monitoring daemon.
[[0;32m  OK  [0m] Started Accounts Service.
[[0;32m  OK  [0m] Started Login to default iSCSI targets.
[[0;32m  OK  [0m] Started Snappy daemon.
[[0;32m  OK  [0m] Reached target Remote File Systems (Pre).
[[0;32m  OK  [0m] Reached target Remote File Systems.
         Starting LSB: VirtualBox Linux Additions...
         Starting LSB: Set the CPU Frequency Scaling governor to "ondemand"...
         Starting LSB: automatic crash report generation...
         Starting Permit User Sessions...
         Starting LSB: Set up cgroupfs mounts....
         Starting LSB: daemon to balance interrupts for SMP systems...
[[0;32m  OK  [0m] Started Permit User Sessions.
[[0;32m  OK  [0m] Started LSB: Set up cgroupfs mounts..
[[0;32m  OK  [0m] Started LSB: Set the CPU Frequency Scaling governor to "ondemand".
[[0;32m  OK  [0m] Created slice User Slice of ubuntu.
[[0;32m  OK  [0m] Started Session 1 of user ubuntu.
         Starting User Manager for UID 1000...
         Starting Terminate Plymouth Boot Screen...
         Starting Hold until boot process finishes up...
[[0;32m  OK  [0m] Started User Manager for UID 1000.
[[0;32m  OK  [0m] Started LSB: VirtualBox Linux Additions.
[[0;32m  OK  [0m] Started LSB: automatic crash report generation.
[[0;32m  OK  [0m] Started LSB: daemon to balance interrupts for SMP systems.
[[0;32m  OK  [0m] Started Terminate Plymouth Boot Screen.
[[0;32m  OK  [0m] Started Hold until boot process finishes up.
         Starting Set console scheme...
[[0;32m  OK  [0m] Started Getty on tty1.
[[0;32m  OK  [0m] Started Serial Getty on ttyS0.
[[0;32m  OK  [0m] Reached target Login Prompts.
[[0;32m  OK  [0m] Started Set console scheme.
[[0;32m  OK  [0m] Started Kubernetes systemd probe.
[   27.087331] cloud-init[1535]: Cloud-init v. 17.1 running 'modules:config' at Wed, 31 Jan 2018 21:37:15 +0000. Up 26.51 seconds.
[[0;32m  OK  [0m] Started Apply the settings specified in cloud-config.
[[0;32m  OK  [0m] Started Docker Application Container Engine.
[[0;32m  OK  [0m] Reached target Multi-User System.
[[0;32m  OK  [0m] Reached target Graphical Interface.
         Starting Update UTMP about System Runlevel Changes...
         Starting Execute cloud user/final scripts...
[[0;32m  OK  [0m] Started Update UTMP about System Runlevel Changes.
[   29.198434] cloud-init[2044]: Cloud-init v. 17.1 running 'modules:final' at Wed, 31 Jan 2018 21:37:18 +0000. Up 28.92 seconds.
[   29.364547] cloud-init[2044]: Cloud-init v. 17.1 finished at Wed, 31 Jan 2018 21:37:18 +0000. Datasource DataSourceNoCloud [seed=/dev/sdb][dsmode=net].  Up 29.18 seconds
[[0;32m  OK  [0m] Started Execute cloud user/final scripts.
[[0;32m  OK  [0m] Reached target Cloud-init target.
         Starting Daily apt download activities...
         Stopping User Manager for UID 1000...
[[0;32m  OK  [0m] Stopped User Manager for UID 1000.
[[0;32m  OK  [0m] Removed slice User Slice of ubuntu.

Ubuntu 16.04.3 LTS kubedev-172-17-4-55 ttyS0

kubedev-172-17-4-55 login:          Stopping Authenticate and Authorize Users to Run Privileged Tasks...
[[0;32m  OK  [0m] Stopped Daily apt upgrade and clean activities.
         Stopping Session 3 of user ubuntu.
[[0;32m  OK  [0m] Stopped target Timers.
[[0;32m  OK  [0m] Stopped Daily Cleanup of Temporary Directories.
[[0;32m  OK  [0m] Stopped target Cloud-init target.
[[0;32m  OK  [0m] Stopped Daily apt upgrade and clean activities.
[[0;32m  OK  [0m] Stopped Timer to automatically refresh installed snaps.
         Stopping User Manager for UID 1000...
[[0;32m  OK  [0m] Closed Load/Save RF Kill Switch Status /dev/rfkill Watch.
[[0;32m  OK  [0m] Stopped target Graphical Interface.
         Stopping ACPI event daemon...
         Stopping Accounts Service...
[[0;32m  OK  [0m] Stopped Authenticate and Authorize Users to Run Privileged Tasks.
[[0;32m  OK  [0m] Stopped Accounts Service.
[[0;32m  OK  [0m] Stopped ACPI event daemon.
[[0;32m  OK  [0m] Stopped User Manager for UID 1000.
[[0;32m  OK  [0m] Stopped Daily apt download activities.
[[0;32m  OK  [0m] Stopped Session 3 of user ubuntu.
[[0;32m  OK  [0m] Stopped Execute cloud user/final scripts.
[[0;32m  OK  [0o         Stopping LSB: MD monitoring daemon...
         Stopping kubelet: The Kubernetes Node Agent...
         Stopping Ubuntu FAN network setup...
         Stopping LSB: VirtualBox Linux Additions...
         Stopping LSB: Set the CPU Frequency Scaling governor to "ondemand"...
         Stopping LSB: daemon to balance interrupts for SMP systems...
         Stopping Snappy daemon...
[[0;32m  OK  [0m] Stopped Apply the settings specified in cloud-config.
[[0;32m  OK  [0m] Stopped target Cloud-config availability.
[[0;32m  OK  [0m] Stopped Daily apt download activities.
[[0;32m  OK  [0m] Stopped target System Time Synchronized.
[[0;32m  OK  [0m] Removed slice User Slice of ubuntu.
         Stopping Login Service...
[[0;32m  OK  [0m] Unmounted /var/lib/docker/aufs/mnt/...107fcc4d99b8f3bdc7dce6d24c088d3.
[[0;32m  OK  [0m] Unmounted /run/docker/netns/37a95a61cc5a.
[[0;32m  OK  [0m] Unmounted /var/lib/docker/container...e8005fe3337ef0733baf6c2d21a/shm.
[[0;32m  OK  [0m] Unmounted /var/lib/docker/aufs/mnt/...ae14a4999e2277f4717c715eb309a22.
[[0;32m  OK  [0m] Unmounted /var/lib/docker/aufs/mnt/...b3dca8cade441c47d4885951067f478.
[[0;32m  OK  [0m] Unmounted /var/lib/docker/aufs/mnt/...2110199de2ae1ef294266a0db66475b.
[[0;32m  OK  [0m] Unmounted /var/lib/docker/container...905505c2e038c3802ddba5c9118/shm.
[[0;32m  OK  [0m] Unmounted /var/lib/docker/aufs/mnt/...b07b72aba0e41aea835c7c0a43f91c2.
[[0;32m  OK  [0m] Unmounted /var/lib/docker/container...370bc19e366375fe2d4af6e215a/shm.
[[0;32m  OK  [0m] Unmounted /var/lib/docker/aufs/mnt/...0ca2ff2f1602f06af936553e6536746.
[[0;32m  OK  [0m] Unmounted /var/lib/docker/container...36d9a0c744ba42f3e2971206679/shm.
[[0;32m  OK  [0m] Unmounted /var/lib/docker/aufs/mnt/...0dd6de96548e013a39d0a87fe39dec6.
[[0;32m  OK  [0m] Unmounted /var/lib/lxcfs.
[[0;32m  OK  [0m] Stopped System Logging Service.
[[0;32m  OK  [0m] Stopped Deferred execution scheduler.
[[0;32m  OK  [0m] Stopped Login Service.
[[0;32m  OK  [0m] Stopped kubelet: The Kubernetes Node Agent.
[[0;32m  OK  [0m] Stopped Regular background program processing daemon.
[[0;32m  OK  [0m] Stopped OpenBSD Secure Shell server.
[[0;32m  OK  [0m] Stopped Snappy daemon.
[[0;32m  OK  [0m] Stopped Getty on tty1.
[[0;32m  OK  [0m] Stopped Serial Getty on ttyS0.
[[0;32m  OK  [0m] Stopped D-Bus System Message Bus.
[[0;32m  OK  [0m] Stopped Unattended Upgrades Shutdown.
[[0;32m  OK  [0m] Stopped LSB: Set up cgroupfs mounts..
[[0;32m  OK  [0m] Stopped Ubuntu FAN network setup.
[[0;32m  OK  [0m] Stopped FUSE filesystem for LXC.
[[0;32m  OK  [0m] Stopped LXD - container startup/shutdown.
[[0;32m  OK  [0m] Stopped LSB: MD monitoring daemon.
[[0;32m  OK  [0m] Stopped LSB: automatic crash report generation.
[[0;32m  OK  [0m] Stopped LSB: Record successful boot for GRUB.
[[0;32m  OK  [0m] Stopped LSB: Set the CPU Frequency Scaling governor to "ondemand".
[[0;32m  OK  [0m] Stopped LSB: VirtualBox Linux Additions.
[[0;32m  OK  [0m] Stopped LSB: daemon to balance interrupts for SMP systems.
[[0;32m  OK  [0m] Removed slice system-serial\x2dgetty.slice.
         Stopping Permit User Sessions...
[[0;32m  OK  [0m] Stopped /etc/rc.local Compatibility.
[[0;32m  OK  [0m] Removed slice system-getty.slice.
[[0;32m  OK  [0m] Stopped Permit User Sessions.
[[0;32m  OK  [0m] Stopped target Remote File Systems.
[[0;32m  OK  [0m] Stopped target Remote File Systems (Pre).
         Stopping Login to default iSCSI targets...
[[0;32m  OK  [0m] Stopped target User and Group Name Lookups.
[[0;32m  OK  [0m] Stopped Login to default iSCSI targets.
         Stopping iSCSI initiator daemon (iscsid)...
[[0;32m  OK  [0m] Stopped iSCSI initiator daemon (iscsid).
[[0;32m  OK  [0m] Stopped target Network is Online.
[[0;32m  OK  [0m] Unmounted /var/lib/docker/aufs/mnt/...5e0864d79990c6b2db450d6d5a35f49.
[[0;32m  OK  [0m] Unmounted /var/lib/docker/aufs.
[[0;32m  OK  [0m] Stopped Docker Application Container Engine.
[[0;32m  OK  [0m] Stopped target Basic System.
[[0;32m  OK  [0m] Stopped target Sockets.
[[0;32m  OK  [0m] Closed D-Bus System Message Bus Socket.
[[0;32m  OK  [0m] Closed LXD - unix socket.
[[0;32m  OK  [0m] Closed UUID daemon activation socket.
[[0;32m  OK  [0m] Closed Syslog Socket.
[[0;32m  OK  [0m] Closed Socket activation for snappy daemon.
[[0;32m  OK  [0m] Closed ACPID Listen Socket.
[[0;32m  OK  [0m] Stopped target Slices.
[[0;32m  OK  [0m] Removed slice User and Session Slice.
[[0;32m  OK  [0m] Stopped target Paths.
[[0;32m  OK  [0m] Stopped ACPI Events Check.
[[0;32m  OK  [0m] Stopped Forward Password Requests to Wall Directory Watch.
[[0;32m  OK  [0m] Stopped Dispatch Password Requests to Console Directory Watch.
[[0;32m  OK  [0m] Stopped target Network.
[[0;32m  OK  [0m] Stopped target Network (Pre).
[[0;32m  OK  [0m] Closed Docker Socket for the API.
[[0;32m  OK  [0m] Stopped target System Initialization.
[[0;32m  OK  [0m] Stopped target Swap.
         Stopping Load/Save Random Seed...
         Stopping Update UTMP about System Boot/Shutdown...
         Stopping LSB: ebtables ruleset management...
[[0;32m  OK  [0m] Stopped target Encrypted Volumes.
[[0;32m  OK  [0m] Stopped Initial cloud-init job (metadata service crawler).
[[0;32m  OK  [0m] Stopped Initial cloud-init job (pre-networking).
[[0;32m  OK  [0m] Stopped Apply Kernel Variables.
[[0;32m  OK  [0m] Stopped Load Kernel Modules.
[[0;32m  OK  [0m] Stopped Load/Save Random Seed.
[[0;32m  OK  [0m] Stopped Update UTMP about System Boot/Shutdown.
[[0;32m  OK  [0m] Stopped Create Volatile Files and Directories.
[[0;32m  OK  [0m] Stopped LSB: ebtables ruleset management.
[[0;32m  OK  [0m] Stopped target Local File Systems.
         Unmounting /Users/fanhongling/Downloads...
         Unmounting /var/lib/kubelet/pods/a4...io~secret/flannel-token-m9sb2...
         Unmounting /var/lib/kubelet/pods/8f...ret/rook-ceph-osd-token-n5mph...
         Unmounting /var/lib/kubelet/pods/d3...secret/rook-agent-token-c8rfg...
         Unmounting /var/lib/kubelet/pods/81...secret/kube-proxy-token-wpk2x...
         Unmounting /Users/fanhongling/go...
         Unmounting /run/docker/netns/default...
         Unmounting /run/user/1000...
[[0;32m  OK  [0m] Unmounted /Users/fanhongling/Downloads.
[[0;32m  OK  [0m] Unmounted /var/lib/kubelet/pods/a47...s.io~secret/flannel-token-m9sb2.
[[0;32m  OK  [0m] Unmounted /var/lib/kubelet/pods/8f5...ecret/rook-ceph-osd-token-n5mph.
[[0;32m  OK  [0m] Unmounted /var/lib/kubelet/pods/d31...o~secret/rook-agent-token-c8rfg.
[[0;32m  OK  [0m] Unmounted /var/lib/kubelet/pods/814...o~secret/kube-proxy-token-wpk2x.
[[0;32m  OK  [0m] Unmounted /Users/fanhongling/go.
[[0;32m  OK  [0m] Unmounted /run/docker/netns/default.
[[0;32m  OK  [0m] Unmounted /run/user/1000.
[[0;32m  OK  [0m] Reached target Unmount All Filesystems.
[[0;32m  OK  [0m] Stopped target Local File Systems (Pre).
         Stopping Monitoring of LVM2 mirrors... dmeventd or progress polling...
[[0;32m  OK  [0m] Stopped Create Static Device Nodes in /dev.
[[0;32m  OK  [0m] Stopped Remount Root and Kernel File Systems.
[[0;32m  OK  [0m] Reached target Shutdown.
[[0;32m  OK  [0m] Reached target Final Step.
         Starting Power-Off...
[[0;32m  OK  [0m] Stopped Monitoring of LVM2 mirrors,...ng dmeventd or progress polling.
[  140.717894] reboot: Power down
